// Jest Snapshot v1, https://goo.gl/fbAQLP

exports[`renders correctly 1`] = `
<styled.div>
  <img
    alt=""
    src="loader.svg"
  />
</styled.div>
`;
